Microchip MPLAB XC8 Compiler V1.45 ()

Linker command line:

-W-3 --edf=C:\Program Files (x86)\Microchip\xc8\v1.45\dat\en_msgs.txt -cs \
  -h+dist/default/production\candle01.X.production.sym \
  --cmf=dist/default/production\candle01.X.production.cmf -z -Q10F320 \
  -oC:\Users\muthi\AppData\Local\Temp\s1b8.2 \
  -Mdist/default/production/candle01.X.production.map -E1 -ver=XC8 \
  -ASTACK=055h-07dh -pstack=STACK -ACODE=00h-0FFh -ASTRCODE=00h-0FFh \
  -ASTRING=00h-0FFh -ACONST=00h-0FFh -AENTRY=00h-0FFh -ABANK0=040h-07Dh \
  -ARAM=040h-07Dh -AABS1=040h-07Fh -ACOMMON=07Eh-07Fh -ASFR0=00h-03Fh \
  -preset_vec=00h,intentry=04h,init,end_init -ppowerup=CODE -pcinit=CODE \
  -pfunctab=ENTRY -ACONFIG=02007h-02007h -pconfig=CONFIG -DCONFIG=2 \
  -AIDLOC=02000h-02003h -pidloc=IDLOC -DIDLOC=2 -DCODE=2 -DSTRCODE=2 \
  -DSTRING=2 -DCONST=2 -DENTRY=2 -k \
  C:\Users\muthi\AppData\Local\Temp\s1b8.obj \
  dist/default/production\candle01.X.production.obj 

Object code version is 3.11

Machine type is 10F320



                Name                               Link     Load   Length Selector   Space Scale
C:\Users\muthi\AppData\Local\Temp\s1b8.obj
                end_init                              E        E        1        8       0
                reset_vec                             0        0        1        0       0
                config                             2007     2007        1     400E       0
dist/default/production\candle01.X.production.obj
                cinit                                 F        F       12        8       0
                intentry                              4        4        A        8       0
                text1                                21       21       AD        8       0
                maintext                             CE       CE       2D        8       0
                cstackBANK0                          40       40        A       40       1
                dataBANK0                            50       50        5       40       1
                bssBANK0                             4A       4A        6       40       1
                idataBANK0                           FB       FB        5        8       0

TOTAL           Name                               Link     Load   Length     Space
        CLASS   STACK          

        CLASS   CODE           
                end_init                              E        E        1         0
                cinit                                 F        F       12         0
                intentry                              4        4        A         0
                reset_vec                             0        0        1         0
                text1                                21       21       AD         0
                maintext                             CE       CE       2D         0
                idataBANK0                           FB       FB        5         0

        CLASS   STRCODE        

        CLASS   STRING         

        CLASS   CONST          

        CLASS   ENTRY          

        CLASS   BANK0          
                cstackBANK0                          40       40        A         1
                dataBANK0                            50       50        5         1
                bssBANK0                             4A       4A        6         1

        CLASS   RAM            

        CLASS   ABS1           
                abs_s1                               7E       7E        2         1

        CLASS   COMMON         

        CLASS   SFR0           

        CLASS   CONFIG         
                config                             2007     2007        1         0

        CLASS   IDLOC          

        CLASS   EEDATA         



SEGMENTS        Name                           Load    Length   Top    Selector   Space  Class     Delta

                reset_vec                      000000  000001  000001         0       0  CODE        2
                intentry                       000004  0000FC  000100         8       0  CODE        2
                cstackBANK0                    000040  000015  000055        40       1  BANK0       1
                config                         002007  000001  002008      400E       0  CONFIG      2


UNUSED ADDRESS RANGES

        Name                Unused          Largest block    Delta
        BANK0            0055-007D             29           1
        CODE             0001-0003              3           2
        CONST            0001-0003              3           2
        ENTRY            0001-0003              3           2
        IDLOC            2000-2003              4           2
        RAM              0055-007D             29           1
        SFR0             0000-003F             40           1
        STACK            0055-007D             29           1
        STRCODE          0001-0003              3           2
        STRING           0001-0003              3           2

                                  Symbol Table

_ADCONbits               (abs)        001F
_ADRES                   (abs)        001E
_ANSELAbits              (abs)        0008
_INTCONbits              (abs)        000B
_OPTION_REGbits          (abs)        000E
_PWM1CONbits             (abs)        0016
_PWM1DCH                 (abs)        0015
_PWM2CONbits             (abs)        0019
_PWM2DCH                 (abs)        0018
_T2CONbits               (abs)        0013
_TMR0                    (abs)        0001
_TRISAbits               (abs)        0006
_WDTCONbits              (abs)        0030
__CFG_BOREN$ON           (abs)        0000
__CFG_BORV$LO            (abs)        0000
__CFG_CP$OFF             (abs)        0000
__CFG_FOSC$INTOSC        (abs)        0000
__CFG_LPBOR$ON           (abs)        0000
__CFG_LVP$OFF            (abs)        0000
__CFG_MCLRE$OFF          (abs)        0000
__CFG_PWRTE$OFF          (abs)        0000
__CFG_WDTE$ON            (abs)        0000
__CFG_WRT$OFF            (abs)        0000
__Habs1                  abs1         0000
__Hbank0                 bank0        0000
__HbssBANK0              bssBANK0     0000
__Hcinit                 cinit        0021
__Hclrtext               clrtext      0000
__Hcode                  code         0000
__Hcommon                common       0000
__Hconfig                config       2008
__HcstackBANK0           cstackBANK0  0000
__HcstackCOMMON          cstackCOMMON 0000
__HdataBANK0             dataBANK0    0000
__Heeprom_data           eeprom_data  0000
__Hend_init              end_init     000F
__Hfunctab               functab      0000
__HidataBANK0            idataBANK0   0000
__Hidloc                 idloc        0000
__Hinit                  init         000E
__Hintentry              intentry     000E
__Hmaintext              maintext     0000
__Hpowerup               powerup      0000
__Hram                   ram          0000
__Hreset_vec             reset_vec    0001
__Hsfr0                  sfr0         0000
__Hspace_0               (abs)        2008
__Hspace_1               (abs)        0055
__Hspace_2               (abs)        0000
__Hspace_3               (abs)        0000
__Hstack                 stack        0000
__Hstrings               strings      0000
__Htext                  text         0000
__Labs1                  abs1         0000
__Lbank0                 bank0        0000
__LbssBANK0              bssBANK0     0000
__Lcinit                 cinit        000F
__Lclrtext               clrtext      0000
__Lcode                  code         0000
__Lcommon                common       0000
__Lconfig                config       2007
__LcstackBANK0           cstackBANK0  0000
__LcstackCOMMON          cstackCOMMON 0000
__LdataBANK0             dataBANK0    0000
__Leeprom_data           eeprom_data  0000
__Lend_init              end_init     000E
__Lfunctab               functab      0000
__LidataBANK0            idataBANK0   0000
__Lidloc                 idloc        0000
__Linit                  init         000E
__Lintentry              intentry     0004
__Lmaintext              maintext     0000
__Lpowerup               powerup      0000
__Lram                   ram          0000
__Lreset_vec             reset_vec    0000
__Lsfr0                  sfr0         0000
__Lspace_0               (abs)        0000
__Lspace_1               (abs)        0000
__Lspace_2               (abs)        0000
__Lspace_3               (abs)        0000
__Lstack                 stack        0000
__Lstrings               strings      0000
__Ltext                  text         0000
__S0                     (abs)        2008
__S1                     (abs)        0055
__S2                     (abs)        0000
___int_sp                stack        0000
___latbits               (abs)        0000
___sp                    stack        0000
__end_of__initialization cinit        001F
__end_of_isr             text1        00CE
__end_of_main            maintext     00FB
__initialization         cinit        000F
__pbssBANK0              bssBANK0     004A
__pcstackBANK0           cstackBANK0  0040
__pcstackCOMMON          cstackCOMMON 0000
__pdataBANK0             dataBANK0    0050
__pidataBANK0            idataBANK0   00FB
__pintentry              intentry     0004
__pmaintext              maintext     00CE
__ptext1                 text1        0021
__size_of_isr            (abs)        0000
__size_of_main           (abs)        0000
_fb                      bssBANK0     004A
_isr                     text1        0021
_left                    bssBANK0     004F
_length                  dataBANK0    0054
_lfsr                    dataBANK0    0050
_main                    maintext     00CE
_oscillate               dataBANK0    0052
_quietCycles             bssBANK0     004D
_recover                 bssBANK0     004C
_right                   bssBANK0     004E
_target                  dataBANK0    0053
btemp                    (abs)        007E
end_of_initialization    cinit        001F
interrupt_function       intentry     0004
intlevel0                functab      0000
intlevel1                functab      0000
intlevel2                functab      0000
intlevel3                functab      0000
intlevel4                functab      0000
intlevel5                functab      0000
reset_vec                reset_vec    0000
saved_w                  (abs)        007E
stackhi                  (abs)        0000
stacklo                  (abs)        0000
start                    init         000E
start_initialization     cinit        000F
wtemp0                   (abs)        007E


FUNCTION INFORMATION:

 *************** function _main *****************
 Defined at:
		line 83 in file "main.c"
 Parameters:    Size  Location     Type
		None
 Auto vars:     Size  Location     Type
		None
 Return value:  Size  Location     Type
                  1    wreg      void 
 Registers used:
		wreg, status,2, status,0
 Tracked objects:
		On entry : 
		On exit  : 
		Unchanged: 
 Data sizes:     COMMON   BANK0
      Params:         0       0
      Locals:         0       0
      Temps:          0       0
      Totals:         0       0
Total ram usage:        0 bytes
 Hardware stack levels required when called:    1
 This function calls:
		Nothing
 This function is called by:
		Startup code after reset
 This function uses a non-reentrant model


 *************** function _isr *****************
 Defined at:
		line 37 in file "main.c"
 Parameters:    Size  Location     Type
		None
 Auto vars:     Size  Location     Type
		None
 Return value:  Size  Location     Type
                  1    wreg      void 
 Registers used:
		wreg, status,2, status,0, btemp+1
 Tracked objects:
		On entry : 
		On exit  : 
		Unchanged: 
 Data sizes:     COMMON   BANK0
      Params:         0       0
      Locals:         0       0
      Temps:          0      10
      Totals:         0      10
Total ram usage:       10 bytes
 Hardware stack levels used:    1
 This function calls:
		Nothing
 This function is called by:
		Interrupt level 1
 This function uses a non-reentrant model



MODULE INFORMATION

Module		Function		Class		Link	Load	Size
shared
		__initialization		CODE           	000F	0000	17

shared estimated size: 17

main.c
		_main          		CODE           	00CE	0000	46
		_isr           		CODE           	0021	0000	174

main.c estimated size: 220

