Microchip MPLAB XC8 Compiler V1.35 ()

Linker command line:

-W-3 --edf=C:\Program Files (x86)\Microchip\xc8\v1.35\dat\en_msgs.txt -cs \
  -h+dist/default/debug\candle01.X.debug.sym \
  --cmf=dist/default/debug\candle01.X.debug.cmf -z -Q10F320 \
  -oC:\Users\pfreyerm\AppData\Local\Temp\s788.2 \
  -Mdist/default/debug/candle01.X.debug.map -E1 -ver=XC8 -ASTACK=050h-07dh \
  -pstack=STACK -ACODE=00h-0FFh -ASTRCODE=00h-0FFh -ASTRING=00h-0FFh \
  -ACONST=00h-0FFh -AENTRY=00h-0FFh -ABANK0=040h-07Dh -ARAM=040h-07Dh \
  -AABS1=040h-07Fh -ACOMMON=07Eh-07Fh -ASFR0=00h-03Fh \
  -preset_vec=00h,intentry,init,end_init -ppowerup=CODE -pcinit=CODE \
  -pfunctab=CODE -ACONFIG=02007h-02007h -pconfig=CONFIG -DCONFIG=2 \
  -AIDLOC=02000h-02003h -pidloc=IDLOC -DIDLOC=2 -DCODE=2 -DSTRCODE=2 \
  -DSTRING=2 -DCONST=2 -DENTRY=2 -k \
  C:\Users\pfreyerm\AppData\Local\Temp\s788.obj \
  dist/default/debug\candle01.X.debug.obj 

Object code version is 3.11

Machine type is 10F320



                Name                               Link     Load   Length Selector   Space Scale
C:\Users\pfreyerm\AppData\Local\Temp\s788.obj
                end_init                              0        0        1        0       0
                config                             2007     2007        1     400E       0
dist/default/debug\candle01.X.debug.obj
                cinit                                 1        1       12        0       0
                text2                                66       66       15        0       0
                text1                                13       13       53        0       0
                maintext                             83       83        3        0       0
                cstackBANK0                          48       48        8       40       1
                dataBANK0                            40       40        8       40       1
                idataBANK0                           7B       7B        8        0       0

TOTAL           Name                               Link     Load   Length     Space
        CLASS   STACK          

        CLASS   CODE           
                end_init                              0        0        1         0
                cinit                                 1        1       12         0
                text2                                66       66       15         0
                text1                                13       13       53         0
                maintext                             83       83        3         0
                idataBANK0                           7B       7B        8         0

        CLASS   STRCODE        

        CLASS   STRING         

        CLASS   CONST          

        CLASS   ENTRY          

        CLASS   BANK0          
                cstackBANK0                          48       48        8         1
                dataBANK0                            40       40        8         1

        CLASS   RAM            

        CLASS   ABS1           
                abs_s1                               7E       7E        2         1

        CLASS   COMMON         

        CLASS   SFR0           

        CLASS   CONFIG         
                config                             2007     2007        1         0

        CLASS   IDLOC          

        CLASS   EEDATA         



SEGMENTS        Name                           Load    Length   Top    Selector   Space  Class     Delta

                reset_vec                      000000  000086  000086         0       0  CODE        2
                dataBANK0                      000040  000010  000050        40       1  BANK0       1
                config                         002007  000001  002008      400E       0  CONFIG      2


UNUSED ADDRESS RANGES

        Name                Unused          Largest block    Delta
        BANK0            0050-007D             2E           1
        CODE             0086-00FF             7A           2
        CONST            0086-00FF             7A           2
        ENTRY            0086-00FF             7A           2
        IDLOC            2000-2003              4           2
        RAM              0050-007D             2E           1
        SFR0             0000-003F             40           1
        STACK            0050-007D             2E           1
        STRCODE          0086-00FF             7A           2
        STRING           0086-00FF             7A           2

                                  Symbol Table

_ADCONbits               (abs)        001F
_ANSELAbits              (abs)        0008
_FVRCONbits              (abs)        001D
_OSCCONbits              (abs)        0010
_TRISAbits               (abs)        0006
__CFG_BOREN$ON           (abs)        0000
__CFG_BORV$LO            (abs)        0000
__CFG_CP$OFF             (abs)        0000
__CFG_FOSC$INTOSC        (abs)        0000
__CFG_LPBOR$ON           (abs)        0000
__CFG_LVP$OFF            (abs)        0000
__CFG_MCLRE$OFF          (abs)        0000
__CFG_PWRTE$OFF          (abs)        0000
__CFG_WDTE$SWDTEN        (abs)        0000
__CFG_WRT$OFF            (abs)        0000
__Habs1                  abs1         0000
__Hbank0                 bank0        0000
__Hcinit                 cinit        0013
__Hclrtext               clrtext      0000
__Hcode                  code         0000
__Hcommon                common       0000
__Hconfig                config       2008
__HcstackBANK0           cstackBANK0  0000
__HcstackCOMMON          cstackCOMMON 0000
__HdataBANK0             dataBANK0    0000
__Heeprom_data           eeprom_data  0000
__Hend_init              end_init     0001
__Hfunctab               functab      0000
__HidataBANK0            idataBANK0   0000
__Hidloc                 idloc        0000
__Hinit                  init         0000
__Hintentry              intentry     0000
__Hmaintext              maintext     0000
__Hpowerup               powerup      0000
__Hram                   ram          0000
__Hreset_vec             reset_vec    0000
__Hsfr0                  sfr0         0000
__Hspace_0               (abs)        2008
__Hspace_1               (abs)        0050
__Hspace_2               (abs)        0000
__Hspace_3               (abs)        0000
__Hstack                 stack        0000
__Hstrings               strings      0000
__Htext                  text         0000
__Labs1                  abs1         0000
__Lbank0                 bank0        0000
__Lcinit                 cinit        0001
__Lclrtext               clrtext      0000
__Lcode                  code         0000
__Lcommon                common       0000
__Lconfig                config       2007
__LcstackBANK0           cstackBANK0  0000
__LcstackCOMMON          cstackCOMMON 0000
__LdataBANK0             dataBANK0    0000
__Leeprom_data           eeprom_data  0000
__Lend_init              end_init     0000
__Lfunctab               functab      0000
__LidataBANK0            idataBANK0   0000
__Lidloc                 idloc        0000
__Linit                  init         0000
__Lintentry              intentry     0000
__Lmaintext              maintext     0000
__Lpowerup               powerup      0000
__Lram                   ram          0000
__Lreset_vec             reset_vec    0000
__Lsfr0                  sfr0         0000
__Lspace_0               (abs)        0000
__Lspace_1               (abs)        0000
__Lspace_2               (abs)        0000
__Lspace_3               (abs)        0000
__Lstack                 stack        0000
__Lstrings               strings      0000
__Ltext                  text         0000
__S0                     (abs)        2008
__S1                     (abs)        0050
__S2                     (abs)        0000
___int_sp                stack        0000
___latbits               (abs)        0000
___sp                    stack        0000
__end_of__initialization cinit        0011
__end_of_init            text2        007B
__end_of_main            maintext     0086
__end_of_randomize       text1        0066
__initialization         cinit        0001
__pcstackBANK0           cstackBANK0  0048
__pcstackCOMMON          cstackCOMMON 0000
__pdataBANK0             dataBANK0    0040
__pidataBANK0            idataBANK0   007B
__pmaintext              maintext     0083
__ptext1                 text1        0013
__ptext2                 text2        0066
__size_of_init           (abs)        0000
__size_of_main           (abs)        0000
__size_of_randomize      (abs)        0000
_bright1                 dataBANK0    0040
_init                    text2        0066
_lfsr1                   dataBANK0    0044
_main                    maintext     0083
_randomize               text1        0013
btemp                    (abs)        007E
end_of_initialization    cinit        0011
intlevel0                functab      0000
intlevel1                functab      0000
intlevel2                functab      0000
intlevel3                functab      0000
intlevel4                functab      0000
intlevel5                functab      0000
ltemp                    (abs)        007E
ltemp0                   (abs)        007E
ltemp1                   (abs)        0082
ltemp2                   (abs)        0086
ltemp3                   (abs)        0080
randomize@fb             cstackBANK0  004E
reset_vec                reset_vec    0000
stackhi                  (abs)        0000
stacklo                  (abs)        0000
start                    init         0000
start_initialization     cinit        0001
ttemp                    (abs)        007E
ttemp0                   (abs)        007E
ttemp1                   (abs)        0081
ttemp2                   (abs)        0084
ttemp3                   (abs)        0087
ttemp4                   (abs)        007F
wtemp                    (abs)        007E
wtemp0                   (abs)        007E
wtemp1                   (abs)        0080
wtemp2                   (abs)        0082
wtemp3                   (abs)        0084
wtemp4                   (abs)        0086
wtemp5                   (abs)        0088
wtemp6                   (abs)        007F


FUNCTION INFORMATION:

 *************** function _main *****************
 Defined at:
		line 34 in file "main.c"
 Parameters:    Size  Location     Type
		None
 Auto vars:     Size  Location     Type
		None
 Return value:  Size  Location     Type
		None               void
 Registers used:
		wreg, status,2, status,0, btemp+1, pclath, cstack
 Tracked objects:
		On entry : 
		On exit  : 
		Unchanged: 
 Data sizes:     COMMON   BANK0
      Params:         0       0
      Locals:         0       0
      Temps:          0       0
      Totals:         0       0
Total ram usage:        0 bytes
 Hardware stack levels required when called:    1
 This function calls:
		_init
		_randomize
 This function is called by:
		Startup code after reset
 This function uses a non-reentrant model


 *************** function _randomize *****************
 Defined at:
		line 46 in file "main.c"
 Parameters:    Size  Location     Type
		None
 Auto vars:     Size  Location     Type
  fb              2    6[BANK0 ] unsigned short 
 Return value:  Size  Location     Type
		None               void
 Registers used:
		wreg, status,2, status,0, btemp+1
 Tracked objects:
		On entry : 
		On exit  : 
		Unchanged: 
 Data sizes:     COMMON   BANK0
      Params:         0       0
      Locals:         0       2
      Temps:          0       6
      Totals:         0       8
Total ram usage:        8 bytes
 Hardware stack levels used:    1
 This function calls:
		Nothing
 This function is called by:
		_main
 This function uses a non-reentrant model


 *************** function _init *****************
 Defined at:
		line 59 in file "main.c"
 Parameters:    Size  Location     Type
		None
 Auto vars:     Size  Location     Type
		None
 Return value:  Size  Location     Type
		None               void
 Registers used:
		wreg, status,2, status,0
 Tracked objects:
		On entry : 
		On exit  : 
		Unchanged: 
 Data sizes:     COMMON   BANK0
      Params:         0       0
      Locals:         0       0
      Temps:          0       0
      Totals:         0       0
Total ram usage:        0 bytes
 Hardware stack levels used:    1
 This function calls:
		Nothing
 This function is called by:
		_main
 This function uses a non-reentrant model



MODULE INFORMATION

Module		Function		Class		Link	Load	Size
shared
		__initialization		CODE           	0001	0000	17

shared estimated size: 17

main.c
		_init          		CODE           	0066	0000	22
		_main          		CODE           	0083	0000	4
		_randomize     		CODE           	0013	0000	84

main.c estimated size: 110

